// Jest Snapshot v1, https://goo.gl/fbAQLP

exports[`renders correctly 1`] = `
<div
  className="form"
>
  <NumberInput
    errorState="Needs to be 0 or more"
    id="cost"
    label="Cost of materials"
    onChange={[Function]}
    value=""
  />
  <NumberInput
    errorState={false}
    id="items"
    label="Number of items made"
    onChange={[Function]}
    value="1"
  />
  <NumberInput
    errorState="Needs to be 0 or more"
    id="time"
    label="Hours to make an item"
    onChange={[Function]}
    value=""
  />
  <NumberInput
    errorState="Needs to be 0 or more"
    id="wage"
    label="Hourly wage"
    onChange={[Function]}
    value=""
  />
  <NumberInput
    errorState="Needs to be 0 or more"
    id="markup"
    label="Retail profit markup %"
    onChange={[Function]}
    value=""
  />
</div>
`;
