// Jest Snapshot v1, https://goo.gl/fbAQLP

exports[`renders correctly 1`] = `
<div
  className="number-input"
>
  <label
    className="number-input__label"
  />
  <div
    className="number-input__wrapper"
  >
    <input
      onBlur={[Function]}
      onChange={[Function]}
      required={true}
      type="number"
    />
  </div>
</div>
`;
