// Jest Snapshot v1, https://goo.gl/fbAQLP

exports[`renders correctly 1`] = `
<div
  className="App"
>
  <h2>
    pricecalc
  </h2>
  <div
    className="form"
  >
    <div
      className="number-input"
    >
      <label
        htmlFor="cost"
      >
        Cost of materials
      </label>
      <input
        className="number-input__field"
        id="cost"
        name="cost"
        onBlur={[Function]}
        onChange={[Function]}
        required={true}
        type="number"
        value=""
      />
    </div>
    <div
      className="number-input"
    >
      <label
        htmlFor="items"
      >
        Number of items made
      </label>
      <input
        className="number-input__field"
        id="items"
        name="items"
        onBlur={[Function]}
        onChange={[Function]}
        required={true}
        type="number"
        value="1"
      />
    </div>
    <div
      className="number-input"
    >
      <label
        htmlFor="time"
      >
        Hours to make an item
      </label>
      <input
        className="number-input__field"
        id="time"
        name="time"
        onBlur={[Function]}
        onChange={[Function]}
        required={true}
        type="number"
        value=""
      />
    </div>
    <div
      className="number-input"
    >
      <label
        htmlFor="wage"
      >
        Hourly wage
      </label>
      <input
        className="number-input__field"
        id="wage"
        name="wage"
        onBlur={[Function]}
        onChange={[Function]}
        required={true}
        type="number"
        value=""
      />
    </div>
    <div
      className="number-input"
    >
      <label
        htmlFor="markup"
      >
        Retail profit markup %
      </label>
      <input
        className="number-input__field"
        id="markup"
        name="markup"
        onBlur={[Function]}
        onChange={[Function]}
        required={true}
        type="number"
        value=""
      />
    </div>
  </div>
</div>
`;
